This is pdfTeX, Version 3.141592653-2.6-1.40.28 (TeX Live 2025) (preloaded format=pdflatex 2025.12.19)  24 DEC 2025 01:58
entering extended mode
 restricted \write18 enabled.
 %&-line parsing enabled.
**Appendix.tex
(./Appendix.tex
LaTeX2e <2025-11-01>
L3 programming layer <2025-11-14>
(c:/Users/raylc/AppData/Roaming/TinyTeX/texmf-dist/tex/latex/base/article.cls
Document Class: article 2025/01/22 v1.4n Standard LaTeX document class
(c:/Users/raylc/AppData/Roaming/TinyTeX/texmf-dist/tex/latex/base/size11.clo
File: size11.clo 2025/01/22 v1.4n Standard LaTeX file (size option)
)
\c@part=\count275
\c@section=\count276
\c@subsection=\count277
\c@subsubsection=\count278
\c@paragraph=\count279
\c@subparagraph=\count280
\c@figure=\count281
\c@table=\count282
\abovecaptionskip=\skip49
\belowcaptionskip=\skip50
\bibindent=\dimen148
) (c:/Users/raylc/AppData/Roaming/TinyTeX/texmf-dist/tex/latex/xcolor/xcolor.sty
Package: xcolor 2024/09/29 v3.02 LaTeX color extensions (UK)
(c:/Users/raylc/AppData/Roaming/TinyTeX/texmf-dist/tex/latex/graphics-cfg/color.cfg
File: color.cfg 2016/01/02 v1.6 sample color configuration
)
Package xcolor Info: Driver file: pdftex.def on input line 274.
(c:/Users/raylc/AppData/Roaming/TinyTeX/texmf-dist/tex/latex/graphics-def/pdftex.def
File: pdftex.def 2025/09/29 v1.2d Graphics/color driver for pdftex
) (c:/Users/raylc/AppData/Roaming/TinyTeX/texmf-dist/tex/latex/graphics/mathcolor.ltx)
Package xcolor Info: Model `cmy' substituted by `cmy0' on input line 1349.
Package xcolor Info: Model `hsb' substituted by `rgb' on input line 1353.
Package xcolor Info: Model `RGB' extended on input line 1365.
Package xcolor Info: Model `HTML' substituted by `rgb' on input line 1367.
Package xcolor Info: Model `Hsb' substituted by `hsb' on input line 1368.
Package xcolor Info: Model `tHsb' substituted by `hsb' on input line 1369.
Package xcolor Info: Model `HSB' substituted by `hsb' on input line 1370.
Package xcolor Info: Model `Gray' substituted by `gray' on input line 1371.
Package xcolor Info: Model `wave' substituted by `hsb' on input line 1372.
) (c:/Users/raylc/AppData/Roaming/TinyTeX/texmf-dist/tex/latex/graphics/dvipsnam.def
File: dvipsnam.def 2016/06/17 v3.0m Driver-dependent file (DPC,SPQR)
) (c:/Users/raylc/AppData/Roaming/TinyTeX/texmf-dist/tex/latex/xcolor/svgnam.def
File: svgnam.def 2024/09/29 v3.02 Predefined colors according to SVG 1.1 (UK)
) (c:/Users/raylc/AppData/Roaming/TinyTeX/texmf-dist/tex/latex/xcolor/x11nam.def
File: x11nam.def 2024/09/29 v3.02 Predefined colors according to Unix/X11 (UK)
) (c:/Users/raylc/AppData/Roaming/TinyTeX/texmf-dist/tex/latex/geometry/geometry.sty
Package: geometry 2020/01/02 v5.9 Page Geometry
(c:/Users/raylc/AppData/Roaming/TinyTeX/texmf-dist/tex/latex/graphics/keyval.sty
Package: keyval 2022/05/29 v1.15 key=value parser (DPC)
\KV@toks@=\toks17
) (c:/Users/raylc/AppData/Roaming/TinyTeX/texmf-dist/tex/generic/iftex/ifvtex.sty
Package: ifvtex 2019/10/25 v1.7 ifvtex legacy package. Use iftex instead.
(c:/Users/raylc/AppData/Roaming/TinyTeX/texmf-dist/tex/generic/iftex/iftex.sty
Package: iftex 2024/12/12 v1.0g TeX engine tests
))
\Gm@cnth=\count283
\Gm@cntv=\count284
\c@Gm@tempcnt=\count285
\Gm@bindingoffset=\dimen149
\Gm@wd@mp=\dimen150
\Gm@odd@mp=\dimen151
\Gm@even@mp=\dimen152
\Gm@layoutwidth=\dimen153
\Gm@layoutheight=\dimen154
\Gm@layouthoffset=\dimen155
\Gm@layoutvoffset=\dimen156
\Gm@dimlist=\toks18
) (c:/Users/raylc/AppData/Roaming/TinyTeX/texmf-dist/tex/latex/amsmath/amsmath.sty
Package: amsmath 2025/07/09 v2.17z AMS math features
\@mathmargin=\skip51
For additional information on amsmath, use the `?' option.
(c:/Users/raylc/AppData/Roaming/TinyTeX/texmf-dist/tex/latex/amsmath/amstext.sty
Package: amstext 2024/11/17 v2.01 AMS text
(c:/Users/raylc/AppData/Roaming/TinyTeX/texmf-dist/tex/latex/amsmath/amsgen.sty
File: amsgen.sty 1999/11/30 v2.0 generic functions
\@emptytoks=\toks19
\ex@=\dimen157
)) (c:/Users/raylc/AppData/Roaming/TinyTeX/texmf-dist/tex/latex/amsmath/amsbsy.sty
Package: amsbsy 1999/11/29 v1.2d Bold Symbols
\pmbraise@=\dimen158
) (c:/Users/raylc/AppData/Roaming/TinyTeX/texmf-dist/tex/latex/amsmath/amsopn.sty
Package: amsopn 2022/04/08 v2.04 operator names
)
\inf@bad=\count286
LaTeX Info: Redefining \frac on input line 233.
\uproot@=\count287
\leftroot@=\count288
LaTeX Info: Redefining \overline on input line 398.
LaTeX Info: Redefining \colon on input line 409.
\classnum@=\count289
\DOTSCASE@=\count290
LaTeX Info: Redefining \ldots on input line 495.
LaTeX Info: Redefining \dots on input line 498.
LaTeX Info: Redefining \cdots on input line 619.
\Mathstrutbox@=\box53
\strutbox@=\box54
LaTeX Info: Redefining \big on input line 721.
LaTeX Info: Redefining \Big on input line 722.
LaTeX Info: Redefining \bigg on input line 723.
LaTeX Info: Redefining \Bigg on input line 724.
\big@size=\dimen159
LaTeX Font Info:    Redeclaring font encoding OML on input line 742.
LaTeX Font Info:    Redeclaring font encoding OMS on input line 743.
\macc@depth=\count291
LaTeX Info: Redefining \bmod on input line 904.
LaTeX Info: Redefining \pmod on input line 909.
LaTeX Info: Redefining \smash on input line 939.
LaTeX Info: Redefining \relbar on input line 969.
LaTeX Info: Redefining \Relbar on input line 970.
\c@MaxMatrixCols=\count292
\dotsspace@=\muskip17
\c@parentequation=\count293
\dspbrk@lvl=\count294
\tag@help=\toks20
\row@=\count295
\column@=\count296
\maxfields@=\count297
\andhelp@=\toks21
\eqnshift@=\dimen160
\alignsep@=\dimen161
\tagshift@=\dimen162
\tagwidth@=\dimen163
\totwidth@=\dimen164
\lineht@=\dimen165
\@envbody=\toks22
\multlinegap=\skip52
\multlinetaggap=\skip53
\mathdisplay@stack=\toks23
LaTeX Info: Redefining \[ on input line 2950.
LaTeX Info: Redefining \] on input line 2951.
) (c:/Users/raylc/AppData/Roaming/TinyTeX/texmf-dist/tex/latex/amsfonts/amssymb.sty
Package: amssymb 2013/01/14 v3.01 AMS font symbols
(c:/Users/raylc/AppData/Roaming/TinyTeX/texmf-dist/tex/latex/amsfonts/amsfonts.sty
Package: amsfonts 2013/01/14 v3.01 Basic AMSFonts support
\symAMSa=\mathgroup4
\symAMSb=\mathgroup5
LaTeX Font Info:    Redeclaring math symbol \hbar on input line 98.
LaTeX Font Info:    Overwriting math alphabet `\mathfrak' in version `bold'
(Font)                  U/euf/m/n --> U/euf/b/n on input line 106.
)) (c:/Users/raylc/AppData/Roaming/TinyTeX/texmf-dist/tex/latex/base/fontenc.sty
Package: fontenc 2025/07/18 v2.1d Standard LaTeX package
) (c:/Users/raylc/AppData/Roaming/TinyTeX/texmf-dist/tex/latex/base/inputenc.sty
Package: inputenc 2024/02/08 v1.3d Input encoding file
\inpenc@prehook=\toks24
\inpenc@posthook=\toks25
) (c:/Users/raylc/AppData/Roaming/TinyTeX/texmf-dist/tex/latex/base/textcomp.sty
Package: textcomp 2024/04/24 v2.1b Standard LaTeX package
) (c:/Users/raylc/AppData/Roaming/TinyTeX/texmf-dist/tex/latex/lm/lmodern.sty
Package: lmodern 2015/05/01 v1.6.1 Latin Modern Fonts
LaTeX Font Info:    Overwriting symbol font `operators' in version `normal'
(Font)                  OT1/cmr/m/n --> OT1/lmr/m/n on input line 22.
LaTeX Font Info:    Overwriting symbol font `letters' in version `normal'
(Font)                  OML/cmm/m/it --> OML/lmm/m/it on input line 23.
LaTeX Font Info:    Overwriting symbol font `symbols' in version `normal'
(Font)                  OMS/cmsy/m/n --> OMS/lmsy/m/n on input line 24.
LaTeX Font Info:    Overwriting symbol font `largesymbols' in version `normal'
(Font)                  OMX/cmex/m/n --> OMX/lmex/m/n on input line 25.
LaTeX Font Info:    Overwriting symbol font `operators' in version `bold'
(Font)                  OT1/cmr/bx/n --> OT1/lmr/bx/n on input line 26.
LaTeX Font Info:    Overwriting symbol font `letters' in version `bold'
(Font)                  OML/cmm/b/it --> OML/lmm/b/it on input line 27.
LaTeX Font Info:    Overwriting symbol font `symbols' in version `bold'
(Font)                  OMS/cmsy/b/n --> OMS/lmsy/b/n on input line 28.
LaTeX Font Info:    Overwriting symbol font `largesymbols' in version `bold'
(Font)                  OMX/cmex/m/n --> OMX/lmex/m/n on input line 29.
LaTeX Font Info:    Overwriting math alphabet `\mathbf' in version `normal'
(Font)                  OT1/cmr/bx/n --> OT1/lmr/bx/n on input line 31.
LaTeX Font Info:    Overwriting math alphabet `\mathsf' in version `normal'
(Font)                  OT1/cmss/m/n --> OT1/lmss/m/n on input line 32.
LaTeX Font Info:    Overwriting math alphabet `\mathit' in version `normal'
(Font)                  OT1/cmr/m/it --> OT1/lmr/m/it on input line 33.
LaTeX Font Info:    Overwriting math alphabet `\mathtt' in version `normal'
(Font)                  OT1/cmtt/m/n --> OT1/lmtt/m/n on input line 34.
LaTeX Font Info:    Overwriting math alphabet `\mathbf' in version `bold'
(Font)                  OT1/cmr/bx/n --> OT1/lmr/bx/n on input line 35.
LaTeX Font Info:    Overwriting math alphabet `\mathsf' in version `bold'
(Font)                  OT1/cmss/bx/n --> OT1/lmss/bx/n on input line 36.
LaTeX Font Info:    Overwriting math alphabet `\mathit' in version `bold'
(Font)                  OT1/cmr/bx/it --> OT1/lmr/bx/it on input line 37.
LaTeX Font Info:    Overwriting math alphabet `\mathtt' in version `bold'
(Font)                  OT1/cmtt/m/n --> OT1/lmtt/m/n on input line 38.
) (c:/Users/raylc/AppData/Roaming/TinyTeX/texmf-dist/tex/latex/setspace/setspace.sty
Package: setspace 2022/12/04 v6.7b set line spacing
) (c:/Users/raylc/AppData/Roaming/TinyTeX/texmf-dist/tex/latex/tools/longtable.sty
Package: longtable 2025-10-13 v4.24 Multi-page Table package (DPC)
\LTleft=\skip54
\LTright=\skip55
\LTpre=\skip56
\LTpost=\skip57
\LTchunksize=\count298
\LTcapwidth=\dimen166
\LT@head=\box55
\LT@firsthead=\box56
\LT@foot=\box57
\LT@lastfoot=\box58
\LT@gbox=\box59
\LT@cols=\count299
\LT@rows=\count300
\c@LT@tables=\count301
\c@LT@chunks=\count302
\LT@p@ftn=\toks26
) (c:/Users/raylc/AppData/Roaming/TinyTeX/texmf-dist/tex/latex/booktabs/booktabs.sty
Package: booktabs 2020/01/12 v1.61803398 Publication quality tables
\heavyrulewidth=\dimen167
\lightrulewidth=\dimen168
\cmidrulewidth=\dimen169
\belowrulesep=\dimen170
\belowbottomsep=\dimen171
\aboverulesep=\dimen172
\abovetopsep=\dimen173
\cmidrulesep=\dimen174
\cmidrulekern=\dimen175
\defaultaddspace=\dimen176
\@cmidla=\count303
\@cmidlb=\count304
\@aboverulesep=\dimen177
\@belowrulesep=\dimen178
\@thisruleclass=\count305
\@lastruleclass=\count306
\@thisrulewidth=\dimen179
) (c:/Users/raylc/AppData/Roaming/TinyTeX/texmf-dist/tex/latex/tools/array.sty
Package: array 2025/09/25 v2.6n Tabular extension package (FMi)
\col@sep=\dimen180
\ar@mcellbox=\box60
\extrarowheight=\dimen181
\NC@list=\toks27
\extratabsurround=\skip58
\backup@length=\skip59
\ar@cellbox=\box61
) (c:/Users/raylc/AppData/Roaming/TinyTeX/texmf-dist/tex/latex/tools/calc.sty
Package: calc 2025/03/01 v4.3b Infix arithmetic (KKT,FJ)
\calc@Acount=\count307
\calc@Bcount=\count308
\calc@Adimen=\dimen182
\calc@Bdimen=\dimen183
\calc@Askip=\skip60
\calc@Bskip=\skip61
LaTeX Info: Redefining \setlength on input line 86.
LaTeX Info: Redefining \addtolength on input line 87.
\calc@Ccount=\count309
\calc@Cskip=\skip62
) (c:/Users/raylc/AppData/Roaming/TinyTeX/texmf-dist/tex/latex/etoolbox/etoolbox.sty
Package: etoolbox 2025/10/02 v2.5m e-TeX tools for LaTeX (JAW)
\etb@tempcnta=\count310
) (c:/Users/raylc/AppData/Roaming/TinyTeX/texmf-dist/tex/latex/mdwtools/footnote.sty
Package: footnote 1997/01/28 1.13 Save footnotes around boxes
\fn@notes=\box62
\fn@width=\dimen184
) (c:/Users/raylc/AppData/Roaming/TinyTeX/texmf-dist/tex/latex/graphics/graphicx.sty
Package: graphicx 2024/12/31 v1.2e Enhanced LaTeX Graphics (DPC,SPQR)
(c:/Users/raylc/AppData/Roaming/TinyTeX/texmf-dist/tex/latex/graphics/graphics.sty
Package: graphics 2024/08/06 v1.4g Standard LaTeX Graphics (DPC,SPQR)
(c:/Users/raylc/AppData/Roaming/TinyTeX/texmf-dist/tex/latex/graphics/trig.sty
Package: trig 2023/12/02 v1.11 sin cos tan (DPC)
) (c:/Users/raylc/AppData/Roaming/TinyTeX/texmf-dist/tex/latex/graphics-cfg/graphics.cfg
File: graphics.cfg 2016/06/04 v1.11 sample graphics configuration
)
Package graphics Info: Driver file: pdftex.def on input line 106.
)
\Gin@req@height=\dimen185
\Gin@req@width=\dimen186
)
\pandoc@box=\box63
(c:/Users/raylc/AppData/Roaming/TinyTeX/texmf-dist/tex/latex/psnfss/utopia.sty
Package: utopia 2020/03/25 PSNFSS-v9.3 (P.Dyballa) 

Package utopia Warning: This package is to be regarded as obsolete.
(utopia)                See the PSNFSS documentation.

) (c:/Users/raylc/AppData/Roaming/TinyTeX/texmf-dist/tex/latex/lineno/lineno.sty
Package: lineno 2025/05/13 line numbers on paragraphs v5.5
(c:/Users/raylc/AppData/Roaming/TinyTeX/texmf-dist/tex/latex/kvoptions/kvoptions.sty
Package: kvoptions 2022-06-15 v3.15 Key value format for package options (HO)
(c:/Users/raylc/AppData/Roaming/TinyTeX/texmf-dist/tex/generic/ltxcmds/ltxcmds.sty
Package: ltxcmds 2023-12-04 v1.26 LaTeX kernel commands for general use (HO)
) (c:/Users/raylc/AppData/Roaming/TinyTeX/texmf-dist/tex/latex/kvsetkeys/kvsetkeys.sty
Package: kvsetkeys 2022-10-05 v1.19 Key value parser (HO)
))
\linenopenalty=\count311
\output=\toks28
\linenoprevgraf=\count312
\linenumbersep=\dimen187
\linenumberwidth=\dimen188
\c@linenumber=\count313
\c@pagewiselinenumber=\count314
\c@LN@truepage=\count315
\c@internallinenumber=\count316
\c@internallinenumbers=\count317
\quotelinenumbersep=\dimen189
\bframerule=\dimen190
\bframesep=\dimen191
\bframebox=\box64
\@LN@amsmath@ams@eqpen=\count318
) (c:/Users/raylc/AppData/Roaming/TinyTeX/texmf-dist/tex/latex/float/float.sty
Package: float 2001/11/08 v1.3d Float enhancements (AL)
\c@float@type=\count319
\float@exts=\toks29
\float@box=\box65
\@float@everytoks=\toks30
\@floatcapt=\box66
) (c:/Users/raylc/AppData/Roaming/TinyTeX/texmf-dist/tex/latex/caption/caption.sty
Package: caption 2023/08/05 v3.6o Customizing captions (AR)
(c:/Users/raylc/AppData/Roaming/TinyTeX/texmf-dist/tex/latex/caption/caption3.sty
Package: caption3 2023/07/31 v2.4d caption3 kernel (AR)
\caption@tempdima=\dimen192
\captionmargin=\dimen193
\caption@leftmargin=\dimen194
\caption@rightmargin=\dimen195
\caption@width=\dimen196
\caption@indent=\dimen197
\caption@parindent=\dimen198
\caption@hangindent=\dimen199
Package caption Info: Standard document class detected.
)
\c@caption@flags=\count320
\c@continuedfloat=\count321
Package caption Info: float package is loaded.
Package caption Info: longtable package is loaded.
(c:/Users/raylc/AppData/Roaming/TinyTeX/texmf-dist/tex/latex/caption/ltcaption.sty
Package: ltcaption 2021/01/08 v1.4c longtable captions (AR)
)) (c:/Users/raylc/AppData/Roaming/TinyTeX/texmf-dist/tex/latex/bookmark/bookmark.sty
Package: bookmark 2023-12-10 v1.31 PDF bookmarks (HO)
(c:/Users/raylc/AppData/Roaming/TinyTeX/texmf-dist/tex/latex/hyperref/hyperref.sty
Package: hyperref 2025-07-12 v7.01o Hypertext links for LaTeX
(c:/Users/raylc/AppData/Roaming/TinyTeX/texmf-dist/tex/generic/kvdefinekeys/kvdefinekeys.sty
Package: kvdefinekeys 2019-12-19 v1.6 Define keys (HO)
) (c:/Users/raylc/AppData/Roaming/TinyTeX/texmf-dist/tex/generic/pdfescape/pdfescape.sty
Package: pdfescape 2019/12/09 v1.15 Implements pdfTeX's escape features (HO)
(c:/Users/raylc/AppData/Roaming/TinyTeX/texmf-dist/tex/generic/pdftexcmds/pdftexcmds.sty
Package: pdftexcmds 2020-06-27 v0.33 Utility functions of pdfTeX for LuaTeX (HO)
(c:/Users/raylc/AppData/Roaming/TinyTeX/texmf-dist/tex/generic/infwarerr/infwarerr.sty
Package: infwarerr 2019/12/03 v1.5 Providing info/warning/error messages (HO)
)
Package pdftexcmds Info: \pdf@primitive is available.
Package pdftexcmds Info: \pdf@ifprimitive is available.
Package pdftexcmds Info: \pdfdraftmode found.
)) (c:/Users/raylc/AppData/Roaming/TinyTeX/texmf-dist/tex/latex/hycolor/hycolor.sty
Package: hycolor 2020-01-27 v1.10 Color options for hyperref/bookmark (HO)
) (c:/Users/raylc/AppData/Roaming/TinyTeX/texmf-dist/tex/latex/hyperref/nameref.sty
Package: nameref 2025-06-21 v2.57 Cross-referencing by name of section
(c:/Users/raylc/AppData/Roaming/TinyTeX/texmf-dist/tex/latex/refcount/refcount.sty
Package: refcount 2019/12/15 v3.6 Data extraction from label references (HO)
) (c:/Users/raylc/AppData/Roaming/TinyTeX/texmf-dist/tex/generic/gettitlestring/gettitlestring.sty
Package: gettitlestring 2019/12/15 v1.6 Cleanup title references (HO)
)
\c@section@level=\count322
) (c:/Users/raylc/AppData/Roaming/TinyTeX/texmf-dist/tex/generic/stringenc/stringenc.sty
Package: stringenc 2019/11/29 v1.12 Convert strings between diff. encodings (HO)
)
\@linkdim=\dimen256
\Hy@linkcounter=\count323
\Hy@pagecounter=\count324
(c:/Users/raylc/AppData/Roaming/TinyTeX/texmf-dist/tex/latex/hyperref/pd1enc.def
File: pd1enc.def 2025-07-12 v7.01o Hyperref: PDFDocEncoding definition (HO)
Now handling font encoding PD1 ...
... no UTF-8 mapping file for font encoding PD1
) (c:/Users/raylc/AppData/Roaming/TinyTeX/texmf-dist/tex/generic/intcalc/intcalc.sty
Package: intcalc 2019/12/15 v1.3 Expandable calculations with integers (HO)
)
\Hy@SavedSpaceFactor=\count325
(c:/Users/raylc/AppData/Roaming/TinyTeX/texmf-dist/tex/latex/hyperref/puenc.def
File: puenc.def 2025-07-12 v7.01o Hyperref: PDF Unicode definition (HO)
Now handling font encoding PU ...
... no UTF-8 mapping file for font encoding PU
)
Package hyperref Info: Option `unicode' set `true' on input line 4066.
Package hyperref Info: Hyper figures OFF on input line 4195.
Package hyperref Info: Link nesting OFF on input line 4200.
Package hyperref Info: Hyper index ON on input line 4203.
Package hyperref Info: Plain pages OFF on input line 4210.
Package hyperref Info: Backreferencing OFF on input line 4215.
Package hyperref Info: Implicit mode ON; LaTeX internals redefined.
Package hyperref Info: Bookmarks ON on input line 4462.
\c@Hy@tempcnt=\count326
(c:/Users/raylc/AppData/Roaming/TinyTeX/texmf-dist/tex/latex/url/url.sty
\Urlmuskip=\muskip18
Package: url 2013/09/16  ver 3.4  Verb mode for urls, etc.
)
LaTeX Info: Redefining \url on input line 4801.
\XeTeXLinkMargin=\dimen257
(c:/Users/raylc/AppData/Roaming/TinyTeX/texmf-dist/tex/generic/bitset/bitset.sty
Package: bitset 2019/12/09 v1.3 Handle bit-vector datatype (HO)
(c:/Users/raylc/AppData/Roaming/TinyTeX/texmf-dist/tex/generic/bigintcalc/bigintcalc.sty
Package: bigintcalc 2019/12/15 v1.5 Expandable calculations on big integers (HO)
))
\Fld@menulength=\count327
\Field@Width=\dimen258
\Fld@charsize=\dimen259
Package hyperref Info: Hyper figures OFF on input line 6078.
Package hyperref Info: Link nesting OFF on input line 6083.
Package hyperref Info: Hyper index ON on input line 6086.
Package hyperref Info: backreferencing OFF on input line 6093.
Package hyperref Info: Link coloring OFF on input line 6098.
Package hyperref Info: Link coloring with OCG OFF on input line 6103.
Package hyperref Info: PDF/A mode OFF on input line 6108.
\Hy@abspage=\count328
\c@Item=\count329
\c@Hfootnote=\count330
)
Package hyperref Info: Driver (autodetected): hpdftex.
(c:/Users/raylc/AppData/Roaming/TinyTeX/texmf-dist/tex/latex/hyperref/hpdftex.def
File: hpdftex.def 2025-07-12 v7.01o Hyperref driver for pdfTeX
\Fld@listcount=\count331
\c@bookmark@seq@number=\count332
(c:/Users/raylc/AppData/Roaming/TinyTeX/texmf-dist/tex/latex/rerunfilecheck/rerunfilecheck.sty
Package: rerunfilecheck 2025-06-21 v1.11 Rerun checks for auxiliary files (HO)
(c:/Users/raylc/AppData/Roaming/TinyTeX/texmf-dist/tex/generic/uniquecounter/uniquecounter.sty
Package: uniquecounter 2019/12/15 v1.4 Provide unlimited unique counter (HO)
)
Package uniquecounter Info: New unique counter `rerunfilecheck' on input line 284.
)
\Hy@SectionHShift=\skip63
) (c:/Users/raylc/AppData/Roaming/TinyTeX/texmf-dist/tex/latex/bookmark/bkm-pdftex.def
File: bkm-pdftex.def 2023-12-10 v1.31 bookmark driver for pdfTeX and luaTeX (HO)
\BKM@id=\count333
))
Package hyperref Info: Option `colorlinks' set `true' on input line 90.
LaTeX Font Info:    Trying to load font information for T1+put on input line 96.
(c:/Users/raylc/AppData/Roaming/TinyTeX/texmf-dist/tex/latex/psnfss/t1put.fd
File: t1put.fd 2001/06/04 font definitions for T1/put.
) (c:/Users/raylc/AppData/Roaming/TinyTeX/texmf-dist/tex/latex/l3backend/l3backend-pdftex.def
File: l3backend-pdftex.def 2025-10-09 L3 backend support: PDF output (pdfTeX)
\l__color_backend_stack_int=\count334
) (./Appendix.aux)
\openout1 = `Appendix.aux'.

LaTeX Font Info:    Checking defaults for OML/cmm/m/it on input line 96.
LaTeX Font Info:    ... okay on input line 96.
LaTeX Font Info:    Checking defaults for OMS/cmsy/m/n on input line 96.
LaTeX Font Info:    ... okay on input line 96.
LaTeX Font Info:    Checking defaults for OT1/cmr/m/n on input line 96.
LaTeX Font Info:    ... okay on input line 96.
LaTeX Font Info:    Checking defaults for T1/cmr/m/n on input line 96.
LaTeX Font Info:    ... okay on input line 96.
LaTeX Font Info:    Checking defaults for TS1/cmr/m/n on input line 96.
LaTeX Font Info:    ... okay on input line 96.
LaTeX Font Info:    Checking defaults for OMX/cmex/m/n on input line 96.
LaTeX Font Info:    ... okay on input line 96.
LaTeX Font Info:    Checking defaults for U/cmr/m/n on input line 96.
LaTeX Font Info:    ... okay on input line 96.
LaTeX Font Info:    Checking defaults for PD1/pdf/m/n on input line 96.
LaTeX Font Info:    ... okay on input line 96.
LaTeX Font Info:    Checking defaults for PU/pdf/m/n on input line 96.
LaTeX Font Info:    ... okay on input line 96.
(c:/Users/raylc/AppData/Roaming/TinyTeX/texmf-dist/tex/latex/epstopdf-pkg/epstopdf-base.sty
Package: epstopdf-base 2020-01-24 v2.11 Base part for package epstopdf
Package epstopdf-base Info: Redefining graphics rule for `.eps' on input line 485.
(c:/Users/raylc/AppData/Roaming/TinyTeX/texmf-dist/tex/latex/latexconfig/epstopdf-sys.cfg
File: epstopdf-sys.cfg 2010/07/13 v1.3 Configuration of (r)epstopdf for TeX Live
))
*geometry* driver: auto-detecting
*geometry* detected driver: pdftex
*geometry* verbose mode - [ preamble ] result:
* driver: pdftex
* paper: <default>
* layout: <same size as paper>
* layoutoffset:(h,v)=(0.0pt,0.0pt)
* modes: 
* h-part:(L,W,R)=(72.26999pt, 469.75502pt, 72.26999pt)
* v-part:(T,H,B)=(72.26999pt, 650.43001pt, 72.26999pt)
* \paperwidth=614.295pt
* \paperheight=794.96999pt
* \textwidth=469.75502pt
* \textheight=650.43001pt
* \oddsidemargin=0.0pt
* \evensidemargin=0.0pt
* \topmargin=-37.0pt
* \headheight=12.0pt
* \headsep=25.0pt
* \topskip=11.0pt
* \footskip=30.0pt
* \marginparwidth=59.0pt
* \marginparsep=10.0pt
* \columnsep=10.0pt
* \skip\footins=10.0pt plus 4.0pt minus 2.0pt
* \hoffset=0.0pt
* \voffset=0.0pt
* \mag=1000
* \@twocolumnfalse
* \@twosidefalse
* \@mparswitchfalse
* \@reversemarginfalse
* (1in=72.27pt=25.4mm, 1cm=28.453pt)

Package caption Info: Begin \AtBeginDocument code.
Package caption Info: hyperref package is loaded.
Package caption Info: End \AtBeginDocument code.
Package hyperref Info: Link coloring ON on input line 96.
LaTeX Font Info:    Trying to load font information for OT1+lmr on input line 98.
(c:/Users/raylc/AppData/Roaming/TinyTeX/texmf-dist/tex/latex/lm/ot1lmr.fd
File: ot1lmr.fd 2015/05/01 v1.6.1 Font defs for Latin Modern
)
LaTeX Font Info:    Trying to load font information for OML+lmm on input line 98.
(c:/Users/raylc/AppData/Roaming/TinyTeX/texmf-dist/tex/latex/lm/omllmm.fd
File: omllmm.fd 2015/05/01 v1.6.1 Font defs for Latin Modern
)
LaTeX Font Info:    Trying to load font information for OMS+lmsy on input line 98.
(c:/Users/raylc/AppData/Roaming/TinyTeX/texmf-dist/tex/latex/lm/omslmsy.fd
File: omslmsy.fd 2015/05/01 v1.6.1 Font defs for Latin Modern
)
LaTeX Font Info:    Trying to load font information for OMX+lmex on input line 98.
(c:/Users/raylc/AppData/Roaming/TinyTeX/texmf-dist/tex/latex/lm/omxlmex.fd
File: omxlmex.fd 2015/05/01 v1.6.1 Font defs for Latin Modern
)
LaTeX Font Info:    External font `lmex10' loaded for size
(Font)              <17.28> on input line 98.
LaTeX Font Info:    External font `lmex10' loaded for size
(Font)              <12> on input line 98.
LaTeX Font Info:    External font `lmex10' loaded for size
(Font)              <10> on input line 98.
LaTeX Font Info:    Trying to load font information for U+msa on input line 98.
(c:/Users/raylc/AppData/Roaming/TinyTeX/texmf-dist/tex/latex/amsfonts/umsa.fd
File: umsa.fd 2013/01/14 v3.01 AMS symbols A
)
LaTeX Font Info:    Trying to load font information for U+msb on input line 98.
(c:/Users/raylc/AppData/Roaming/TinyTeX/texmf-dist/tex/latex/amsfonts/umsb.fd
File: umsb.fd 2013/01/14 v3.01 AMS symbols B
)
LaTeX Font Info:    Trying to load font information for TS1+put on input line 98.
(c:/Users/raylc/AppData/Roaming/TinyTeX/texmf-dist/tex/latex/psnfss/ts1put.fd
File: ts1put.fd 2001/06/04 font definitions for TS1/put.
)
LaTeX Font Info:    External font `lmex10' loaded for size
(Font)              <8> on input line 98.
LaTeX Font Info:    External font `lmex10' loaded for size
(Font)              <6> on input line 98.
LaTeX Font Info:    External font `lmex10' loaded for size
(Font)              <9> on input line 98.
LaTeX Font Info:    External font `lmex10' loaded for size
(Font)              <5> on input line 98.
(./Appendix.toc
LaTeX Font Info:    External font `lmex10' loaded for size
(Font)              <10.95> on input line 2.
[1

{c:/Users/raylc/AppData/Roaming/TinyTeX/texmf-var/fonts/map/pdftex/updmap/pdftex.map}{c:/Users/raylc/AppData/Roaming/TinyTeX/texmf-dist/fonts/enc/dvips/base/8r.enc}] [2]
Overfull \hbox (0.43774pt too wide) detected at line 82
 []\T1/put/m/n/10.95 101
 []


Overfull \hbox (0.43774pt too wide) detected at line 83
 []\T1/put/m/n/10.95 101
 []


Overfull \hbox (0.43774pt too wide) detected at line 84
 []\T1/put/m/n/10.95 102
 []


Overfull \hbox (0.43774pt too wide) detected at line 85
 []\T1/put/m/n/10.95 102
 []


Overfull \hbox (0.43774pt too wide) detected at line 86
 []\T1/put/m/n/10.95 103
 []


Overfull \hbox (0.43774pt too wide) detected at line 87
 []\T1/put/m/n/10.95 103
 []

[3]
Overfull \hbox (0.43774pt too wide) detected at line 88
 []\T1/put/m/n/10.95 103
 []


Overfull \hbox (0.43774pt too wide) detected at line 89
 []\T1/put/m/n/10.95 104
 []


Overfull \hbox (0.43774pt too wide) detected at line 90
 []\T1/put/m/n/10.95 109
 []


Overfull \hbox (0.43774pt too wide) detected at line 91
 []\T1/put/m/n/10.95 109
 []


Overfull \hbox (0.43774pt too wide) detected at line 92
 []\T1/put/m/n/10.95 110
 []


Overfull \hbox (0.43774pt too wide) detected at line 93
 []\T1/put/m/n/10.95 111
 []


Overfull \hbox (0.43774pt too wide) detected at line 94
 []\T1/put/m/n/10.95 112
 []


Overfull \hbox (0.43774pt too wide) detected at line 95
 []\T1/put/m/n/10.95 116
 []


Overfull \hbox (0.43774pt too wide) detected at line 96
 []\T1/put/m/n/10.95 116
 []


Overfull \hbox (0.43774pt too wide) detected at line 98
 []\T1/put/m/n/10.95 117
 []


Overfull \hbox (0.43774pt too wide) detected at line 99
 []\T1/put/m/n/10.95 117
 []


Overfull \hbox (0.43774pt too wide) detected at line 101
 []\T1/put/m/n/10.95 118
 []


Overfull \hbox (0.43774pt too wide) detected at line 102
 []\T1/put/m/n/10.95 118
 []


Overfull \hbox (0.43774pt too wide) detected at line 103
 []\T1/put/m/n/10.95 120
 []


Overfull \hbox (0.43774pt too wide) detected at line 104
 []\T1/put/m/n/10.95 121
 []


Overfull \hbox (0.43774pt too wide) detected at line 105
 []\T1/put/m/n/10.95 123
 []


Overfull \hbox (0.43774pt too wide) detected at line 106
 []\T1/put/m/n/10.95 124
 []


Overfull \hbox (0.43774pt too wide) detected at line 107
 []\T1/put/m/n/10.95 124
 []


Overfull \hbox (0.43774pt too wide) detected at line 108
 []\T1/put/m/n/10.95 125
 []


Overfull \hbox (0.43774pt too wide) detected at line 109
 []\T1/put/m/n/10.95 128
 []


Overfull \hbox (0.43774pt too wide) detected at line 110
 []\T1/put/m/n/10.95 136
 []


Overfull \hbox (0.43774pt too wide) detected at line 111
 []\T1/put/m/n/10.95 137
 []


Overfull \hbox (0.43774pt too wide) detected at line 112
 []\T1/put/m/n/10.95 137
 []


Overfull \hbox (0.43774pt too wide) detected at line 113
 []\T1/put/m/n/10.95 140
 []


Overfull \hbox (0.43774pt too wide) detected at line 114
 []\T1/put/m/n/10.95 140
 []


Overfull \hbox (0.43774pt too wide) detected at line 115
 []\T1/put/m/n/10.95 142
 []


Overfull \hbox (0.43774pt too wide) detected at line 116
 []\T1/put/m/n/10.95 143
 []


Overfull \hbox (0.43774pt too wide) detected at line 117
 []\T1/put/m/n/10.95 144
 []


Overfull \hbox (0.43774pt too wide) detected at line 118
 []\T1/put/m/n/10.95 144
 []


Overfull \hbox (0.43774pt too wide) detected at line 119
 []\T1/put/m/n/10.95 146
 []

[4]
Overfull \hbox (0.43774pt too wide) detected at line 120
 []\T1/put/m/n/10.95 146
 []


Overfull \hbox (0.43774pt too wide) detected at line 121
 []\T1/put/m/n/10.95 146
 []


Overfull \hbox (0.43774pt too wide) detected at line 122
 []\T1/put/m/n/10.95 148
 []


Overfull \hbox (0.43774pt too wide) detected at line 123
 []\T1/put/m/n/10.95 148
 []


Overfull \hbox (0.43774pt too wide) detected at line 124
 []\T1/put/m/n/10.95 149
 []


Overfull \hbox (0.43774pt too wide) detected at line 125
 []\T1/put/m/n/10.95 149
 []


Overfull \hbox (0.43774pt too wide) detected at line 126
 []\T1/put/m/n/10.95 150
 []


Overfull \hbox (0.43774pt too wide) detected at line 127
 []\T1/put/m/n/10.95 152
 []


Overfull \hbox (0.43774pt too wide) detected at line 128
 []\T1/put/m/n/10.95 153
 []


Overfull \hbox (0.43774pt too wide) detected at line 129
 []\T1/put/m/n/10.95 154
 []


Overfull \hbox (0.43774pt too wide) detected at line 130
 []\T1/put/m/n/10.95 154
 []


Overfull \hbox (0.43774pt too wide) detected at line 131
 []\T1/put/m/n/10.95 156
 []


Overfull \hbox (0.43774pt too wide) detected at line 132
 []\T1/put/m/n/10.95 156
 []


Overfull \hbox (0.43774pt too wide) detected at line 133
 []\T1/put/m/n/10.95 157
 []


Overfull \hbox (0.43774pt too wide) detected at line 134
 []\T1/put/m/n/10.95 161
 []


Overfull \hbox (0.43774pt too wide) detected at line 135
 []\T1/put/m/n/10.95 162
 []


Overfull \hbox (0.43774pt too wide) detected at line 136
 []\T1/put/m/n/10.95 163
 []


Overfull \hbox (0.43774pt too wide) detected at line 137
 []\T1/put/m/n/10.95 164
 []


Overfull \hbox (0.43774pt too wide) detected at line 138
 []\T1/put/m/n/10.95 165
 []


Overfull \hbox (0.43774pt too wide) detected at line 139
 []\T1/put/m/n/10.95 166
 []


Overfull \hbox (0.43774pt too wide) detected at line 140
 []\T1/put/m/n/10.95 166
 []


Overfull \hbox (0.43774pt too wide) detected at line 141
 []\T1/put/m/n/10.95 167
 []


Overfull \hbox (0.43774pt too wide) detected at line 142
 []\T1/put/m/n/10.95 167
 []


Overfull \hbox (0.43774pt too wide) detected at line 143
 []\T1/put/m/n/10.95 170
 []


Overfull \hbox (0.43774pt too wide) detected at line 144
 []\T1/put/m/n/10.95 172
 []


Overfull \hbox (0.43774pt too wide) detected at line 145
 []\T1/put/m/n/10.95 175
 []


Overfull \hbox (0.43774pt too wide) detected at line 146
 []\T1/put/m/n/10.95 176
 []


Overfull \hbox (0.43774pt too wide) detected at line 147
 []\T1/put/m/n/10.95 177
 []


Overfull \hbox (0.43774pt too wide) detected at line 148
 []\T1/put/m/n/10.95 194
 []


Overfull \hbox (0.43774pt too wide) detected at line 149
 []\T1/put/m/n/10.95 194
 []


Overfull \hbox (0.43774pt too wide) detected at line 150
 []\T1/put/m/n/10.95 196
 []


Overfull \hbox (0.43774pt too wide) detected at line 151
 []\T1/put/m/n/10.95 196
 []


Overfull \hbox (0.43774pt too wide) detected at line 152
 []\T1/put/m/n/10.95 200
 []

[5]
Overfull \hbox (0.43774pt too wide) detected at line 154
 []\T1/put/m/n/10.95 200
 []


Overfull \hbox (0.43774pt too wide) detected at line 155
 []\T1/put/m/n/10.95 200
 []


Overfull \hbox (0.43774pt too wide) detected at line 156
 []\T1/put/m/n/10.95 201
 []


Overfull \hbox (0.43774pt too wide) detected at line 157
 []\T1/put/m/n/10.95 202
 []


Overfull \hbox (0.43774pt too wide) detected at line 158
 []\T1/put/m/n/10.95 202
 []


Overfull \hbox (0.43774pt too wide) detected at line 159
 []\T1/put/m/n/10.95 204
 []


Overfull \hbox (0.43774pt too wide) detected at line 160
 []\T1/put/m/n/10.95 205
 []


Overfull \hbox (0.43774pt too wide) detected at line 161
 []\T1/put/m/n/10.95 206
 []


Overfull \hbox (0.43774pt too wide) detected at line 162
 []\T1/put/m/n/10.95 209
 []


Overfull \hbox (0.43774pt too wide) detected at line 163
 []\T1/put/m/n/10.95 209
 []


Overfull \hbox (0.43774pt too wide) detected at line 164
 []\T1/put/m/n/10.95 210
 []


Overfull \hbox (0.43774pt too wide) detected at line 165
 []\T1/put/m/n/10.95 218
 []


Overfull \hbox (0.43774pt too wide) detected at line 166
 []\T1/put/m/n/10.95 219
 []


Overfull \hbox (0.43774pt too wide) detected at line 167
 []\T1/put/m/n/10.95 219
 []


Overfull \hbox (0.43774pt too wide) detected at line 168
 []\T1/put/m/n/10.95 220
 []


Overfull \hbox (0.43774pt too wide) detected at line 169
 []\T1/put/m/n/10.95 224
 []


Overfull \hbox (0.43774pt too wide) detected at line 170
 []\T1/put/m/n/10.95 225
 []


Overfull \hbox (0.43774pt too wide) detected at line 171
 []\T1/put/m/n/10.95 228
 []


Overfull \hbox (0.43774pt too wide) detected at line 172
 []\T1/put/m/n/10.95 229
 []


Overfull \hbox (0.43774pt too wide) detected at line 173
 []\T1/put/m/n/10.95 230
 []


Overfull \hbox (0.43774pt too wide) detected at line 174
 []\T1/put/m/n/10.95 230
 []


Overfull \hbox (0.43774pt too wide) detected at line 175
 []\T1/put/m/n/10.95 231
 []


Overfull \hbox (0.43774pt too wide) detected at line 176
 []\T1/put/m/n/10.95 231
 []


Overfull \hbox (0.43774pt too wide) detected at line 177
 []\T1/put/m/n/10.95 235
 []


Overfull \hbox (0.43774pt too wide) detected at line 178
 []\T1/put/m/n/10.95 235
 []


Overfull \hbox (0.43774pt too wide) detected at line 179
 []\T1/put/m/n/10.95 237
 []


Overfull \hbox (0.43774pt too wide) detected at line 180
 []\T1/put/m/n/10.95 239
 []


Overfull \hbox (0.43774pt too wide) detected at line 182
 []\T1/put/m/n/10.95 241
 []


Overfull \hbox (0.43774pt too wide) detected at line 183
 []\T1/put/m/n/10.95 241
 []


Overfull \hbox (0.43774pt too wide) detected at line 184
 []\T1/put/m/n/10.95 242
 []


Overfull \hbox (0.43774pt too wide) detected at line 185
 []\T1/put/m/n/10.95 243
 []

[6]
Overfull \hbox (0.43774pt too wide) detected at line 186
 []\T1/put/m/n/10.95 244
 []


Overfull \hbox (0.43774pt too wide) detected at line 187
 []\T1/put/m/n/10.95 247
 []


Overfull \hbox (0.43774pt too wide) detected at line 188
 []\T1/put/m/n/10.95 248
 []


Overfull \hbox (0.43774pt too wide) detected at line 189
 []\T1/put/m/n/10.95 249
 []


Overfull \hbox (0.43774pt too wide) detected at line 190
 []\T1/put/m/n/10.95 249
 []


Overfull \hbox (0.43774pt too wide) detected at line 191
 []\T1/put/m/n/10.95 253
 []


Overfull \hbox (0.43774pt too wide) detected at line 192
 []\T1/put/m/n/10.95 259
 []


Overfull \hbox (0.43774pt too wide) detected at line 193
 []\T1/put/m/n/10.95 259
 []


Overfull \hbox (0.43774pt too wide) detected at line 194
 []\T1/put/m/n/10.95 260
 []


Overfull \hbox (0.43774pt too wide) detected at line 195
 []\T1/put/m/n/10.95 260
 []


Overfull \hbox (0.43774pt too wide) detected at line 196
 []\T1/put/m/n/10.95 261
 []


Overfull \hbox (0.43774pt too wide) detected at line 197
 []\T1/put/m/n/10.95 261
 []


Overfull \hbox (0.43774pt too wide) detected at line 198
 []\T1/put/m/n/10.95 262
 []


Overfull \hbox (0.43774pt too wide) detected at line 199
 []\T1/put/m/n/10.95 264
 []


Overfull \hbox (0.43774pt too wide) detected at line 200
 []\T1/put/m/n/10.95 265
 []


Overfull \hbox (0.43774pt too wide) detected at line 201
 []\T1/put/m/n/10.95 266
 []


Overfull \hbox (0.43774pt too wide) detected at line 202
 []\T1/put/m/n/10.95 266
 []


Overfull \hbox (0.43774pt too wide) detected at line 203
 []\T1/put/m/n/10.95 266
 []


Overfull \hbox (0.43774pt too wide) detected at line 204
 []\T1/put/m/n/10.95 268
 []


Overfull \hbox (0.43774pt too wide) detected at line 205
 []\T1/put/m/n/10.95 270
 []


Overfull \hbox (0.43774pt too wide) detected at line 206
 []\T1/put/m/n/10.95 273
 []


Overfull \hbox (0.43774pt too wide) detected at line 207
 []\T1/put/m/n/10.95 273
 []


Overfull \hbox (0.43774pt too wide) detected at line 208
 []\T1/put/m/n/10.95 273
 []


Overfull \hbox (0.43774pt too wide) detected at line 209
 []\T1/put/m/n/10.95 275
 []


Overfull \hbox (0.43774pt too wide) detected at line 210
 []\T1/put/m/n/10.95 276
 []

)
\tf@toc=\write3
\openout3 = `Appendix.toc'.

[7] [8] [9]
Overfull \hbox (13.73192pt too wide) in paragraph at lines 152--153
\T1/put/b/n/10.95 crops\T1/put/m/n/10.95 . This in-stru-ment is also called, ono-matopo-et-i-cally, gur[unknown]r[unknown]mo[unknown]s
 []

[10] [11] [12] [13] [14] [15] [16] [17] [18] [19] [20] [21] [22] [23] [24] [25] [26] [27] [28] [29] [30] [31] [32] [33] [34] [35] [36] [37] [38] [39] [40] [41] [42] [43] [44] [45] [46] [47] [48] [49] [50] [51] [52] [53] [54] [55] [56] [57] [58] [59] [60] [61] [62] [63] [64] [65] [66] [67] [68] [69] [70] [71] [72] [73] [74] [75] [76] [77] [78] [79] [80] [81] [82] [83] [84] [85] [86] [87] [88] [89] [90] [91] [92] [93] [94] [95] [96] [97] [98] [99] [100] [101] [102] [103] [104] [105] [106] [107] [108] [109] [110] [111] [112] [113] [114] [115] [116] [117] [118] [119] [120] [121] [122] [123] [124] [125] [126] [127] [128] [129] [130] [131] [132] [133] [134] [135] [136] [137] [138] [139] [140] [141] [142] [143] [144] [145] [146] [147] [148] [149] [150] [151] [152] [153] [154] [155] [156] [157] [158] [159] [160] [161] [162] [163] [164] [165] [166] [167] [168] [169] [170] [171] [172] [173] [174] [175] [176] [177] [178] [179] [180] [181] [182] [183] [184] [185] [186] [187] [188]
Underfull \hbox (badness 1158) in paragraph at lines 2141--2142
\T1/put/m/n/10.95 painters dif-fered from those in-volved in the learn-ing of cer-e-mo-nial knowl-edge but were
 []

[189] [190] [191] [192] [193] [194] [195] [196] [197] [198] [199] [200] [201] [202] [203] [204] [205] [206] [207] [208] [209] [210] [211] [212] [213] [214] [215] [216] [217] [218] [219] [220] [221] [222] [223] [224] [225] [226] [227] [228] [229] [230] [231] [232] [233] [234] [235] [236] [237] [238] [239] [240] [241] [242] [243] [244]
Underfull \hbox (badness 1077) in paragraph at lines 2715--2716
[]\T1/put/m/n/10.95 Leeds, A. (1962). Eco-log-i-cal de-ter-mi-nants of chief-tain-ship among the Yaruro In-di-ans of
 []

[245]
Underfull \hbox (badness 1077) in paragraph at lines 2721--2722
[]\T1/put/m/n/10.95 Leeds, A. (1962). Eco-log-i-cal de-ter-mi-nants of chief-tain-ship among the Yaruro In-di-ans of
 []

[246] [247] [248] [249] [250] [251] [252] [253] [254] [255] [256] [257] [258] [259] [260] [261] [262] [263] [264] [265] [266] [267] [268] [269] [270] [271] [272] [273] [274] [275] [276]

Package caption Warning: Unused \captionsetup[figure] on input line 77.
See the caption package documentation for explanation.


Package caption Warning: Unused \captionsetup[table] on input line 78.
See the caption package documentation for explanation.

[277] (./Appendix.aux)
 ***********
LaTeX2e <2025-11-01>
L3 programming layer <2025-11-14>
 ***********
 ) 
Here is how much of TeX's memory you used:
 14609 strings out of 469519
 227649 string characters out of 5468255
 672942 words of memory out of 5000000
 42525 multiletter control sequences out of 15000+600000
 725897 words of font info for 104 fonts, out of 8000000 for 9000
 14 hyphenation exceptions out of 8191
 83i,6n,93p,5035b,552s stack positions out of 10000i,1000n,20000p,200000b,200000s
<c:/Users/raylc/AppData/Roaming/TinyTeX/texmf-dist/fonts/type1/adobe/utopia/putb8a.pfb><c:/Users/raylc/AppData/Roaming/TinyTeX/texmf-dist/fonts/type1/adobe/utopia/putr8a.pfb><c:/Users/raylc/AppData/Roaming/TinyTeX/texmf-dist/fonts/type1/adobe/utopia/putri8a.pfb>
Output written on Appendix.pdf (277 pages, 763805 bytes).
PDF statistics:
 2392 PDF objects out of 2487 (max. 8388607)
 2086 compressed objects within 21 object streams
 515 named destinations out of 1000 (max. 500000)
 1681 words of extra memory for PDF output out of 10000 (max. 10000000)

